// Jest Snapshot v1, https://goo.gl/fbAQLP

exports[`LineChart @render renders LineChart without any error 1`] = `
<DocumentFragment>
  <div
    class="lineChart"
  >
    <svg
      height="200"
      viewBox="0 0 300 200"
      width="300"
    >
      <g>
        <line
          class="lineChart__xAxis"
          x1="0"
          x2="300"
          y1="200"
          y2="200"
        />
      </g>
      <g>
        <path
          class="lineChart__line"
          d="M0,33.33333333333333C0,33.33333333333333,99.77340001969233,2.7151710776023803,150,0C199.7774347633459,-2.690889911713435,300,16.666666666666675,300,16.666666666666675"
        />
        <g
          transform="translate(0,33.33333333333333)"
        >
          <circle
            class="lineChart__circle"
            r="2"
          />
          <circle
            data-testid="dataPoint"
            fill="transparent"
            r="10"
          />
        </g>
        <g
          transform="translate(150,0)"
        >
          <circle
            class="lineChart__circle"
            r="2"
          />
          <circle
            data-testid="dataPoint"
            fill="transparent"
            r="10"
          />
        </g>
        <g
          transform="translate(300,16.666666666666675)"
        >
          <circle
            class="lineChart__circle"
            r="2"
          />
          <circle
            data-testid="dataPoint"
            fill="transparent"
            r="10"
          />
        </g>
      </g>
      <g
        transform="translate(0,200)"
      >
        <text
          class="lineChart__xTicksText"
        >
          09/04
        </text>
        <line
          class="lineChart__xTicksLine"
          x1="0"
          y1="0"
          y2="5"
        />
      </g>
      <g
        transform="translate(150,200)"
      >
        <text
          class="lineChart__xTicksText"
        >
          10/04
        </text>
        <line
          class="lineChart__xTicksLine"
          x1="0"
          y1="0"
          y2="5"
        />
      </g>
      <g
        transform="translate(300,200)"
      >
        <text
          class="lineChart__xTicksText"
        >
          11/04
        </text>
        <line
          class="lineChart__xTicksLine"
          x1="0"
          y1="0"
          y2="5"
        />
      </g>
    </svg>
  </div>
</DocumentFragment>
`;

exports[`ToolTip @render renders the ToolTip without any error 1`] = `
<DocumentFragment>
  <foreignobject
    data-testid="toolTip"
    height="100"
    width="200"
    x="20"
    y="30"
  >
    <div
      class="toolTip"
    >
      <div
        class="toolTip__yValue"
      >
        <b
          class="toolTip__yValueLabel"
        >
          test
        </b>
        :
        <span
          class="toolTip__yValueText"
        >
          60
        </span>
      </div>
      <div
        class="toolTip__xValue"
      >
        12/06/1992
      </div>
    </div>
  </foreignobject>
</DocumentFragment>
`;
