// Jest Snapshot v1, https://goo.gl/fbAQLP

exports[`Loader @render renders the DataTable without any error 1`] = `<DocumentFragment />`;
